<app-home></app-home>
<div class="golden">
    <img src="../../assets/golden-retriever.png" alt="">
</div>
